"es_sample_location_1.cell_id","es_sample_location_1.sac_id","es_sample_location_1.cell_sac_id","es_sample_location_1.lac_id","es_sample_location_1.location_name","es_sample_location_1.latitude","es_sample_location_1.longitude","es_sample_location_1.city","es_sample_location_1.region","es_sample_location_1.mcc","es_sample_location_1.mnc","es_sample_location_1.test_time"
"11","","11","5","Lac_5","12.99","77.59","Bangalore","Karnataka","405","55","2019-01-30 06:00:00.000"