<?xml version="1.0" ?>
<dataQualityResult>
  <ruleList>
    <rule>
      <schemaName>project</schemaName>
      <databaseType>BigData</databaseType>
      <tableID>200036</tableID>
      <tableName>us_bb_browsing_1</tableName>
      <fieldID>5</fieldID>
      <fieldName>technology_id</fieldName>
      <ruleID>6</ruleID>
      <ruleName>CHECK_FOR_RANGE</ruleName>
      <ruleDesc>Attribute value should be between given values</ruleDesc>
      <typeID>RANGE</typeID>
      <objectType>field</objectType>
      <supportDataType>Number</supportDataType>
      <threshold>5</threshold>
      <totalRecord>10</totalRecord>
      <badRecord>4</badRecord>
      <score>60</score>
      <isCheckPass>N</isCheckPass>
    </rule>
    <rule>
      <schemaName>project</schemaName>
      <databaseType>BigData</databaseType>
      <tableID>200036</tableID>
      <tableName>us_bb_browsing_1</tableName>
      <fieldID>6</fieldID>
      <fieldName>equip_id</fieldName>
      <ruleID>1</ruleID>
      <ruleName>CHECK_FOR_NULL</ruleName>
      <ruleDesc>Attribute value with Null values</ruleDesc>
      <typeID>COMPLETENESS</typeID>
      <objectType>field</objectType>
      <supportDataType>String</supportDataType>
      <threshold>5</threshold>
      <totalRecord>10</totalRecord>
      <badRecord>7</badRecord>
      <score>30</score>
      <isCheckPass>N</isCheckPass>
    </rule>
    <rule>
      <schemaName>project</schemaName>
      <databaseType>BigData</databaseType>
      <tableID>200036</tableID>
      <tableName>us_bb_browsing_1</tableName>
      <fieldID>7</fieldID>
      <fieldName>client_device</fieldName>
      <ruleID>4</ruleID>
      <ruleName>CHECK_FOR_UNIQUENESS</ruleName>
      <ruleDesc>Attibute value should be unique</ruleDesc>
      <typeID>UNIQUENESS</typeID>
      <objectType>field</objectType>
      <supportDataType>String</supportDataType>
      <threshold>5</threshold>
      <totalRecord>6</totalRecord>
      <badRecord>1</badRecord>
      <score>83</score>
      <isCheckPass>N</isCheckPass>
    </rule>
    <rule>
      <schemaName>project</schemaName>
      <databaseType>BigData</databaseType>
      <tableID>200036</tableID>
      <tableName>us_bb_browsing_1</tableName>
      <fieldID>8</fieldID>
      <fieldName>client_device_type</fieldName>
      <ruleID>1</ruleID>
      <ruleName>CHECK_FOR_NULL</ruleName>
      <ruleDesc>Attribute value with Null values</ruleDesc>
      <typeID>COMPLETENESS</typeID>
      <objectType>field</objectType>
      <supportDataType>String</supportDataType>
      <threshold>5</threshold>
      <totalRecord>2</totalRecord>
      <badRecord>2</badRecord>
      <score>0</score>
      <isCheckPass>N</isCheckPass>
    </rule>
    <rule>
      <schemaName>project</schemaName>
      <databaseType>BigData</databaseType>
      <tableID>200036</tableID>
      <tableName>us_bb_browsing_1</tableName>
      <fieldID>8</fieldID>
      <fieldName>client_device_type</fieldName>
      <ruleID>5</ruleID>
      <ruleName>CHECK_VALUE_ALIGNMENT</ruleName>
      <ruleDesc>Attribute value should be aligned with specified string columns separated by comma</ruleDesc>
      <typeID>CONSISTENCY</typeID>
      <objectType>field</objectType>
      <supportDataType>String</supportDataType>
      <threshold>5</threshold>
      <totalRecord>6</totalRecord>
      <badRecord>5</badRecord>
      <score>17</score>
      <isCheckPass>N</isCheckPass>
    </rule>
    <rule>
      <schemaName>project</schemaName>
      <databaseType>BigData</databaseType>
      <tableID>200036</tableID>
      <tableName>us_bb_browsing_1</tableName>
      <fieldID>8</fieldID>
      <fieldName>client_device_type</fieldName>
      <ruleID>10</ruleID>
      <ruleName>CHECK_FOR_MULTIPLE_COLUMNS</ruleName>
      <ruleDesc>Attribute value computed based on the completeness of the specified columns separated by comma.</ruleDesc>
      <typeID>INTEGRITY</typeID>
      <objectType>field</objectType>
      <supportDataType>String</supportDataType>
      <threshold>5</threshold>
      <totalRecord>6</totalRecord>
      <badRecord>5</badRecord>
      <score>42</score>
      <isCheckPass>N</isCheckPass>
    </rule>
    <rule>
      <schemaName>project</schemaName>
      <databaseType>BigData</databaseType>
      <tableID>200036</tableID>
      <tableName>us_bb_browsing_1</tableName>
      <fieldID>11</fieldID>
      <fieldName>domain</fieldName>
      <ruleID>9</ruleID>
      <ruleName>CHECK_FOR_PATTERN</ruleName>
      <ruleDesc>Attribute value should conform to specified pattern</ruleDesc>
      <typeID>CONFORMITY</typeID>
      <objectType>field</objectType>
      <supportDataType>String</supportDataType>
      <threshold>5</threshold>
      <totalRecord>6</totalRecord>
      <badRecord>4</badRecord>
      <score>33</score>
      <isCheckPass>N</isCheckPass>
    </rule>
    <rule>
      <schemaName>project</schemaName>
      <databaseType>BigData</databaseType>
      <tableID>200036</tableID>
      <tableName>us_bb_browsing_1</tableName>
      <fieldID>15</fieldID>
      <fieldName>application_name</fieldName>
      <ruleID>1</ruleID>
      <ruleName>CHECK_FOR_NULL</ruleName>
      <ruleDesc>Attribute value with Null values</ruleDesc>
      <typeID>COMPLETENESS</typeID>
      <objectType>field</objectType>
      <supportDataType>String</supportDataType>
      <threshold>5</threshold>
      <totalRecord>0</totalRecord>
      <badRecord>0</badRecord>
      <score>0</score>
      <isCheckPass>NA</isCheckPass>
    </rule>
    <rule>
      <schemaName>project</schemaName>
      <databaseType>BigData</databaseType>
      <tableID>200036</tableID>
      <tableName>us_bb_browsing_1</tableName>
      <fieldID>22</fieldID>
      <fieldName>visits</fieldName>
      <ruleID>7</ruleID>
      <ruleName>IS_GREATER_THAN_CHECK</ruleName>
      <ruleDesc>Attribute value should be greater than specified value</ruleDesc>
      <typeID>RANGE</typeID>
      <objectType>field</objectType>
      <supportDataType>Number</supportDataType>
      <threshold>5</threshold>
      <totalRecord>2</totalRecord>
      <badRecord>0</badRecord>
      <score>100</score>
      <isCheckPass>Y</isCheckPass>
    </rule>
  </ruleList>
</dataQualityResult>
