<?xml version="1.0" ?>
<dataQualityResult>
  <resultList>
    <statistics>
      <objectType>KPI</objectType>
      <parentObjectID/>
      <schemaName/>
      <databaseType>BigData</databaseType>
      <objectID>1</objectID>
      <objectName>tcp_connect_success</objectName>
      <objectDescription>tcp_connect_success</objectDescription>
      <score>44</score>
      <completenessScore>NA</completenessScore>
      <conformityScore>NA</conformityScore>
      <consistencyScore>NA</consistencyScore>
      <integrityScore>NA</integrityScore>
      <rangeScore>NA</rangeScore>
      <uniquenessScore>NA</uniquenessScore>
    </statistics>
    <statistics>
      <objectType>KPI</objectType>
      <parentObjectID/>
      <schemaName/>
      <databaseType>BigData</databaseType>
      <objectID>2</objectID>
      <objectName>sub_technology</objectName>
      <objectDescription>sub_technology</objectDescription>
      <score>46</score>
      <completenessScore>NA</completenessScore>
      <conformityScore>NA</conformityScore>
      <consistencyScore>NA</consistencyScore>
      <integrityScore>NA</integrityScore>
      <rangeScore>NA</rangeScore>
      <uniquenessScore>NA</uniquenessScore>
    </statistics>
    <statistics>
      <objectType>field</objectType>
      <parentObjectID>1</parentObjectID>
      <schemaName>project</schemaName>
      <databaseType>BigData</databaseType>
      <objectID>6</objectID>
      <objectName>equip_id</objectName>
      <objectDescription>equip_id</objectDescription>
      <score>30</score>
      <completenessScore>30</completenessScore>
      <conformityScore>NA</conformityScore>
      <consistencyScore>NA</consistencyScore>
      <integrityScore>NA</integrityScore>
      <rangeScore>NA</rangeScore>
      <uniquenessScore>NA</uniquenessScore>
    </statistics>
    <statistics>
      <objectType>field</objectType>
      <parentObjectID>1</parentObjectID>
      <schemaName>project</schemaName>
      <databaseType>BigData</databaseType>
      <objectID>7</objectID>
      <objectName>client_device</objectName>
      <objectDescription>client_device</objectDescription>
      <score>83</score>
      <completenessScore>NA</completenessScore>
      <conformityScore>NA</conformityScore>
      <consistencyScore>NA</consistencyScore>
      <integrityScore>NA</integrityScore>
      <rangeScore>NA</rangeScore>
      <uniquenessScore>83</uniquenessScore>
    </statistics>
    <statistics>
      <objectType>field</objectType>
      <parentObjectID>1</parentObjectID>
      <schemaName>project</schemaName>
      <databaseType>BigData</databaseType>
      <objectID>8</objectID>
      <objectName>client_device_type</objectName>
      <objectDescription>client_device_type</objectDescription>
      <score>19</score>
      <completenessScore>0</completenessScore>
      <conformityScore>NA</conformityScore>
      <consistencyScore>17</consistencyScore>
      <integrityScore>42</integrityScore>
      <rangeScore>NA</rangeScore>
      <uniquenessScore>NA</uniquenessScore>
    </statistics>
    <statistics>
      <objectType>field</objectType>
      <parentObjectID>2</parentObjectID>
      <schemaName>project</schemaName>
      <databaseType>BigData</databaseType>
      <objectID>11</objectID>
      <objectName>domain</objectName>
      <objectDescription>domain</objectDescription>
      <score>33</score>
      <completenessScore>NA</completenessScore>
      <conformityScore>33</conformityScore>
      <consistencyScore>NA</consistencyScore>
      <integrityScore>NA</integrityScore>
      <rangeScore>NA</rangeScore>
      <uniquenessScore>NA</uniquenessScore>
    </statistics>
    <statistics>
      <objectType>field</objectType>
      <parentObjectID>2</parentObjectID>
      <schemaName>project</schemaName>
      <databaseType>BigData</databaseType>
      <objectID>5</objectID>
      <objectName>technology_id</objectName>
      <objectDescription>technology_id</objectDescription>
      <score>60</score>
      <completenessScore>NA</completenessScore>
      <conformityScore>NA</conformityScore>
      <consistencyScore>NA</consistencyScore>
      <integrityScore>NA</integrityScore>
      <rangeScore>60</rangeScore>
      <uniquenessScore>NA</uniquenessScore>
    </statistics>
  </resultList>
</dataQualityResult>
